// Jest Snapshot v1, https://goo.gl/fbAQLP

exports[`renders correctly 1`] = `
<span
  className="misc-text"
>
  <strong>
    Nothing to show yet.
  </strong>
</span>
`;
